// Jest Snapshot v1, https://goo.gl/fbAQLP

exports[`Tile Component Renders 1`] = `
<Tile
  col={3}
  row={2}
>
  <div
    className="tile"
    data-col={3}
    data-row={2}
    onClick={[Function]}
  >
    2
    :
    3
  </div>
</Tile>
`;
